[www.bootstrapdash.com/demo/purple-admin-free/index.html]
[backblue.gif]
[fade.gif]
[index.html]
[www.bootstrapdash.com/demo/purple-admin-free/assets/vendors/mdi/css/materialdesignicons.min.css]
[www.bootstrapdash.com/demo/purple-admin-free/assets/vendors/css/vendor.bundle.base.css]
[www.bootstrapdash.com/demo/purple-admin-free/assets/css/style.css]
[www.bootstrapdash.com/demo/purple-admin-free/assets/images/favicon.ico]
[www.bootstrapdash.com/demo/purple-admin-free/assets/images/logo.svg]
[www.bootstrapdash.com/demo/purple-admin-free/assets/images/logo-mini.svg]
[www.bootstrapdash.com/demo/purple-admin-free/assets/images/faces/face1.jpg]
[www.bootstrapdash.com/demo/purple-admin-free/assets/images/faces/face4.jpg]
[www.bootstrapdash.com/demo/purple-admin-free/assets/images/faces/face2.jpg]
[www.bootstrapdash.com/demo/purple-admin-free/assets/images/faces/face3.jpg]
[www.bootstrapdash.com/demo/purple-admin-free/pages/ui-features/buttons.html]
[www.bootstrapdash.com/demo/purple-admin-free/pages/ui-features/typography.html]
[www.bootstrapdash.com/demo/purple-admin-free/pages/icons/mdi.html]
[www.bootstrapdash.com/demo/purple-admin-free/pages/forms/basic_elements.html]
[www.bootstrapdash.com/demo/purple-admin-free/pages/charts/chartjs.html]
[www.bootstrapdash.com/demo/purple-admin-free/pages/tables/basic-table.html]
[www.bootstrapdash.com/demo/purple-admin-free/pages/samples/blank-page.html]
[www.bootstrapdash.com/demo/purple-admin-free/pages/samples/login.html]
[www.bootstrapdash.com/demo/purple-admin-free/pages/samples/register.html]
[www.bootstrapdash.com/demo/purple-admin-free/pages/samples/error-404.html]
[www.bootstrapdash.com/demo/purple-admin-free/pages/samples/error-500.html]
[www.bootstrapdash.com/demo/purple-admin-free/assets/images/dashboard/circle.svg]
[www.bootstrapdash.com/demo/purple-admin-free/assets/images/dashboard/img_1.jpg]
[www.bootstrapdash.com/demo/purple-admin-free/assets/images/dashboard/img_4.jpg]
[www.bootstrapdash.com/demo/purple-admin-free/assets/images/dashboard/img_2.jpg]
[www.bootstrapdash.com/demo/purple-admin-free/assets/images/dashboard/img_3.jpg]
[www.bootstrapdash.com/demo/purple-admin-free/assets/vendors/js/vendor.bundle.base.js]
[www.bootstrapdash.com/demo/purple-admin-free/assets/vendors/chart.js/Chart.min.js]
[www.bootstrapdash.com/demo/purple-admin-free/assets/js/jquery.cookie.js]
[www.bootstrapdash.com/demo/purple-admin-free/assets/js/off-canvas.js]
[www.bootstrapdash.com/demo/purple-admin-free/assets/js/hoverable-collapse.js]
[www.bootstrapdash.com/demo/purple-admin-free/assets/js/misc.js]
[www.bootstrapdash.com/demo/purple-admin-free/assets/js/dashboard.js]
[www.bootstrapdash.com/demo/purple-admin-free/index.html]
[www.bootstrapdash.com/demo/purple-admin-free/assets/js/todolist.js]
[www.bootstrapdash.com/demo/purple-admin-free/assets/vendors/mdi/fonts/materialdesignicons-webfont61e3.eot]
[www.bootstrapdash.com/demo/purple-admin-free/assets/vendors/mdi/fonts/materialdesignicons-webfont61e3.woff2]
[www.bootstrapdash.com/demo/purple-admin-free/assets/vendors/mdi/fonts/materialdesignicons-webfont61e3.woff]
[www.bootstrapdash.com/demo/purple-admin-free/assets/vendors/mdi/fonts/materialdesignicons-webfontd41d.eot]
[www.bootstrapdash.com/demo/purple-admin-free/assets/vendors/mdi/fonts/materialdesignicons-webfont61e3.ttf]
[www.bootstrapdash.com/demo/purple-admin-free/assets/vendors/mdi/css/materialdesignicons.min.css]
[www.bootstrapdash.com/demo/purple-admin-free/assets/vendors/css/vendor.bundle.base.css]
[www.bootstrapdash.com/demo/purple-admin-free/assets/fonts/Ubuntu/Ubuntu-Light.eot]
[www.bootstrapdash.com/demo/purple-admin-free/assets/fonts/Ubuntu/Ubuntu-Light.woff2]
[www.bootstrapdash.com/demo/purple-admin-free/assets/fonts/Ubuntu/Ubuntu-Light.woff]
[www.bootstrapdash.com/demo/purple-admin-free/assets/fonts/Ubuntu/Ubuntu-Light.ttf]
[www.bootstrapdash.com/demo/purple-admin-free/assets/fonts/Ubuntu/Ubuntu-Regular.eot]
[www.bootstrapdash.com/demo/purple-admin-free/assets/fonts/Ubuntu/Ubuntu-Regular.woff2]
[www.bootstrapdash.com/demo/purple-admin-free/assets/fonts/Ubuntu/Ubuntu-Regular.woff]
[www.bootstrapdash.com/demo/purple-admin-free/assets/fonts/Ubuntu/Ubuntu-Regular.ttf]
[www.bootstrapdash.com/demo/purple-admin-free/assets/fonts/Ubuntu/Ubuntu-Medium.woff2]
[www.bootstrapdash.com/demo/purple-admin-free/assets/fonts/Ubuntu/Ubuntu-Medium.eot]
[www.bootstrapdash.com/demo/purple-admin-free/assets/fonts/Ubuntu/Ubuntu-Medium.woff]
[www.bootstrapdash.com/demo/purple-admin-free/assets/fonts/Ubuntu/Ubuntu-Medium.ttf]
[www.bootstrapdash.com/demo/purple-admin-free/assets/fonts/Ubuntu/Ubuntu-Bold.eot]
[www.bootstrapdash.com/demo/purple-admin-free/assets/fonts/Ubuntu/Ubuntu-Bold.woff2]
[www.bootstrapdash.com/demo/purple-admin-free/assets/fonts/Ubuntu/Ubuntu-Bold.woff]
[www.bootstrapdash.com/demo/purple-admin-free/assets/fonts/Ubuntu/Ubuntu-Bold.ttf]
[www.bootstrapdash.com/demo/purple-admin-free/assets/css/style.css]
[www.bootstrapdash.com/demo/purple-admin-free/assets/images/logo.svg]
[www.bootstrapdash.com/demo/purple-admin-free/assets/images/logo-mini.svg]
[www.bootstrapdash.com/demo/purple-admin-free/pages/ui-features/buttons.html]
[www.bootstrapdash.com/demo/purple-admin-free/pages/ui-features/typography.html]
[www.bootstrapdash.com/demo/purple-admin-free/pages/icons/mdi.html]
[www.bootstrapdash.com/demo/purple-admin-free/pages/forms/basic_elements.html]
[www.bootstrapdash.com/demo/purple-admin-free/assets/js/file-upload.js]
[www.bootstrapdash.com/demo/purple-admin-free/pages/charts/chartjs.html]
[www.bootstrapdash.com/demo/purple-admin-free/assets/js/chart.js]
[www.bootstrapdash.com/demo/purple-admin-free/assets/images/faces-clipart/pic-1.png]
[www.bootstrapdash.com/demo/purple-admin-free/assets/images/faces-clipart/pic-2.png]
[www.bootstrapdash.com/demo/purple-admin-free/assets/images/faces-clipart/pic-3.png]
[www.bootstrapdash.com/demo/purple-admin-free/assets/images/faces-clipart/pic-4.png]
[www.bootstrapdash.com/demo/purple-admin-free/pages/tables/basic-table.html]
[www.bootstrapdash.com/demo/purple-admin-free/pages/samples/blank-page.html]
[www.bootstrapdash.com/demo/purple-admin-free/pages/samples/login.html]
[www.bootstrapdash.com/demo/purple-admin-free/pages/samples/register.html]
[www.bootstrapdash.com/demo/purple-admin-free/pages/samples/error-404.html]
[www.bootstrapdash.com/demo/purple-admin-free/pages/samples/error-500.html]
[www.bootstrapdash.com/demo/purple-admin-free/assets/images/dashboard/circle.svg]
